[julianinsarralde.com.ar/index.html]
[julianinsarralde.com.ar/xmlrpc.php]
[backblue.gif]
[fade.gif]
[index.html]
[julianinsarralde.com.ar/wp-content/plugins/insta-gallery/assets/frontend/swiper/swiper.min82d0.css]
[julianinsarralde.com.ar/wp-content/plugins/insta-gallery/build/frontend/css/style82d0.css]
[julianinsarralde.com.ar/wp-content/plugins/monarch/css/style22d6.css]
[julianinsarralde.com.ar/wp-content/themes/Divi/includes/builder/styles/images/preloader.gif]
[julianinsarralde.com.ar/wp-content/themes/Divi/core/admin/fonts/modules/all/modules.eot]
[julianinsarralde.com.ar/wp-content/et-cache/10/et-divi-dynamic-10be47.css]
[julianinsarralde.com.ar/feed/index.html]
[julianinsarralde.com.ar/comments/feed/index.html]
[julianinsarralde.com.ar/wp-json/index.html]
[julianinsarralde.com.ar/wp-json/wp/v2/pages/10.json]
[julianinsarralde.com.ar/xmlrpc0db0.php]
[julianinsarralde.com.ar/wp-json/oembed/1.0/embedaae3.json]
[julianinsarralde.com.ar/wp-json/oembed/1.0/embed166f]
[julianinsarralde.com.ar/wp-content/uploads/2019/11/cropped-julian-insarralde_iso_logo-03-32x32.png]
[julianinsarralde.com.ar/wp-content/uploads/2019/11/cropped-julian-insarralde_iso_logo-03-192x192.png]
[julianinsarralde.com.ar/wp-content/uploads/2019/11/cropped-julian-insarralde_iso_logo-03-180x180.png]
[julianinsarralde.com.ar/wp-content/uploads/et-fonts/BebasNeue-Bold-2.ttf]
[julianinsarralde.com.ar/wp-content/uploads/2019/11/ALE1778.jpg]
[julianinsarralde.com.ar/wp-content/uploads/2019/12/peru-7.jpg]
[julianinsarralde.com.ar/wp-content/et-cache/10/et-core-unified-deferred-10.min3428.css]
[julianinsarralde.com.ar/wp-content/uploads/2019/12/logo_JI_curvas-02-1-scaled.png]
[julianinsarralde.com.ar/wp-content/uploads/2019/11/IMG_2805-copia.jpg]
[julianinsarralde.com.ar/quienes-somos/index.html]
[julianinsarralde.com.ar/wp-content/uploads/2019/11/play.png]
[julianinsarralde.com.ar/wp-content/uploads/2020/02/opitech.png]
[julianinsarralde.com.ar/wp-content/uploads/2020/02/La_Sportiva_logo_white.jpg]
[julianinsarralde.com.ar/wp-content/uploads/2020/02/cropped-LOGO-ESTILO-ALPINO-150.png]
[julianinsarralde.com.ar/wp-content/uploads/2020/09/Sabor.png]
[julianinsarralde.com.ar/project/aconcagua-6965/index.html]
[julianinsarralde.com.ar/project/bolivia-extremo/index.html]
[julianinsarralde.com.ar/project/trekking-everest/index.html]
[i.ytimg.com/vi/XY1ocqFwlBU/hqdefault.jpg]
[julianinsarralde.com.ar/project/peru/index.html]
[julianinsarralde.com.ar/project/kilimanjaro-africa-salvaje/index.html]
[i.ytimg.com/vi/4ZCT_nevrck/hqdefault.jpg]
[julianinsarralde.com.ar/project/curso-escalada-en-hielo-cascadas-mendoza-y-chile/index.html]
[i.ytimg.com/vi/TpnR3pQbl-U/hqdefault.jpg]
[julianinsarralde.com.ar/project/cordillera-blanca-quebrada-ruinas-glaciar/index.html]
[julianinsarralde.com.ar/project/curso-escalada-en-roca-san-luis/index.html]
[i.ytimg.com/vi/TMngbDxa2DE/hqdefault.jpg]
[julianinsarralde.com.ar/project/patagonia-trail-and-mountain-tour/index.html]
[julianinsarralde.com.ar/project/turquia/index.html]
[julianinsarralde.com.ar/project/volcan-lanin-3776/index.html]
[julianinsarralde.com.ar/wp-content/uploads/2019/11/JPB0392.jpg]
[julianinsarralde.com.ar/wp-content/uploads/2019/11/julian-insarralde_iso_logo-03-150x150.png]
[julianinsarralde.com.ar/wp-includes/css/dist/block-library/style.mind70e.css]
[julianinsarralde.com.ar/wp-includes/js/imagesloaded.minbb93.js]
[julianinsarralde.com.ar/wp-includes/js/masonry.min3a05.js]
[julianinsarralde.com.ar/project/famatina-6150/index.html]
[julianinsarralde.com.ar/wp-includes/js/jquery/jquery.minf43b.js]
[julianinsarralde.com.ar/wp-includes/js/jquery/jquery-migrate.min5589.js]
[julianinsarralde.com.ar/galeria/index.html]
[julianinsarralde.com.ar/wp-content/plugins/insta-gallery/assets/frontend/swiper/swiper.min82d0.js]
[julianinsarralde.com.ar/wp-content/plugins/monarch/js/idle-timer.min22d6.js]
[julianinsarralde.com.ar/wp-content/plugins/monarch/js/custom22d6.js]
[julianinsarralde.com.ar/wp-content/themes/Divi/js/scripts.min41c1.js]
[julianinsarralde.com.ar/wp-content/themes/Divi/includes/builder/feature/dynamic-assets/assets/js/jquery.fitvids41c1.js]
[julianinsarralde.com.ar/wp-content/themes/Divi/includes/builder/feature/dynamic-assets/assets/js/jquery.mobile41c1.js]
[julianinsarralde.com.ar/wp-content/themes/Divi/includes/builder/feature/dynamic-assets/assets/js/easypiechart41c1.js]
[julianinsarralde.com.ar/wp-content/themes/Divi/core/admin/js/common41c1.js]
[julianinsarralde.com.ar/wp-includes/js/dist/vendor/react.mine1ab.js]
[julianinsarralde.com.ar/index.html]
[julianinsarralde.com.ar/wp-content/plugins/insta-gallery/assets/frontend/swiper/swiper.min82d0.css]
[julianinsarralde.com.ar/wp-content/plugins/insta-gallery/build/frontend/css/style82d0.css]
[julianinsarralde.com.ar/wp-content/plugins/insta-gallery/build/frontend/js/index5fa5.js]
[julianinsarralde.com.ar/wp-content/plugins/monarch/css/fonts/monarch.eot]
[julianinsarralde.com.ar/wp-content/plugins/monarch/css/fonts/monarchd41d.eot]
[julianinsarralde.com.ar/wp-content/plugins/monarch/css/fonts/monarch.ttf]
[julianinsarralde.com.ar/wp-content/plugins/monarch/css/fonts/monarch.woff]
[julianinsarralde.com.ar/wp-content/plugins/monarch/css/style22d6.css]
[julianinsarralde.com.ar/wp-content/plugins/monarch/css/fonts/monarch.svg]
[julianinsarralde.com.ar/wp-content/et-cache/10/et-divi-dynamic-10be47.css]
[julianinsarralde.com.ar/wp-content/uploads/2019/11/1-1.jpg]
[julianinsarralde.com.ar/wp-content/uploads/2021/03/IMG_7406-rotated.jpg]
[julianinsarralde.com.ar/wp-content/et-cache/10/et-core-unified-deferred-10.min3428.css]
[julianinsarralde.com.ar/wp-content/et-cache/357/et-divi-dynamic-3577c76.css]
[julianinsarralde.com.ar/wp-json/wp/v2/pages/357.json]
[julianinsarralde.com.ar/wp-json/oembed/1.0/embed620a.json]
[julianinsarralde.com.ar/wp-json/oembed/1.0/embeda145]
[julianinsarralde.com.ar/wp-content/uploads/2019/11/actor-01.png]
[julianinsarralde.com.ar/wp-content/et-cache/357/et-core-unified-deferred-357.minebcc.css]
[julianinsarralde.com.ar/wp-content/uploads/2019/12/6-scaled.jpg]
[julianinsarralde.com.ar/wp-content/uploads/2019/12/IMG_2813-1.jpg]
[julianinsarralde.com.ar/wp-content/uploads/2019/12/D0C1CE91-EA11-4268-892F-27E69F491CF5-1.jpg]
[julianinsarralde.com.ar/wp-content/uploads/2019/12/ALE2430-1.jpg]
[julianinsarralde.com.ar/wp-content/uploads/2020/09/Captura-de-Pantalla-2020-09-04-a-las-17.35.34-400x250.png]
[julianinsarralde.com.ar/wp-content/uploads/2020/03/IMG_E4E98B7BF17C-1-400x250.jpg]
[julianinsarralde.com.ar/author/julianinsarralde/index.html]
[julianinsarralde.com.ar/2020/03/30/charlas-virtuales-desde-instagram-live/index.html]
[julianinsarralde.com.ar/2020/09/04/nuestro-calendario-2020/index.html]
[julianinsarralde.com.ar/wp-includes/js/mediaelement/mediaelementplayer-legacy.min1f61.css]
[julianinsarralde.com.ar/wp-includes/js/mediaelement/wp-mediaelement.mind70e.css]
[julianinsarralde.com.ar/wp-content/themes/Divi/includes/builder/feature/dynamic-assets/assets/js/salvattore41c1.js]
[julianinsarralde.com.ar/wp-includes/js/mediaelement/mediaelement-and-player.min1f61.js]
[julianinsarralde.com.ar/wp-includes/js/mediaelement/mediaelement-migrate.mind70e.js]
[julianinsarralde.com.ar/quienes-somos/index.html]
[julianinsarralde.com.ar/wp-includes/js/mediaelement/wp-mediaelement.mind70e.js]
[julianinsarralde.com.ar/wp-content/et-cache/682/et-divi-dynamic-682-late20ad.css]
[julianinsarralde.com.ar/wp-content/et-cache/682/et-divi-dynamic-68220ad.css]
[julianinsarralde.com.ar/wp-json/wp/v2/project/682.json]
[julianinsarralde.com.ar/wp-json/oembed/1.0/embedcbff.json]
[julianinsarralde.com.ar/wp-json/oembed/1.0/embed2f42]
[julianinsarralde.com.ar/wp-content/et-cache/682/et-core-unified-deferred-682.min7b0f.css]
[julianinsarralde.com.ar/wp-content/uploads/2019/12/Aconcagua-2-1.jpg]
[julianinsarralde.com.ar/wp-content/uploads/2019/12/Aconcagua-2-1-400x516.jpg]
[julianinsarralde.com.ar/wp-content/uploads/2019/12/Aconcagua-3-1.jpg]
[julianinsarralde.com.ar/wp-content/uploads/2019/12/Aconcagua-3-1-400x516.jpg]
[julianinsarralde.com.ar/wp-content/uploads/2019/12/Aconcagua-4-1.jpg]
[julianinsarralde.com.ar/wp-content/uploads/2019/12/Aconcagua-4-1-400x516.jpg]
[julianinsarralde.com.ar/wp-content/uploads/2019/12/Aconcagua-5-1.jpg]
[julianinsarralde.com.ar/wp-content/uploads/2019/12/Aconcagua-5-1-400x516.jpg]
[julianinsarralde.com.ar/wp-content/uploads/2019/12/Aconcagua-6-1.jpg]
[julianinsarralde.com.ar/wp-content/uploads/2019/12/Aconcagua-6-1-400x516.jpg]
[julianinsarralde.com.ar/wp-content/uploads/2019/12/Aconcagua-7-1.jpg]
[julianinsarralde.com.ar/wp-content/uploads/2019/12/Aconcagua-7-1-400x516.jpg]
[julianinsarralde.com.ar/wp-content/uploads/2019/12/Aconcagua-8-1.jpg]
[julianinsarralde.com.ar/wp-content/uploads/2019/12/Aconcagua-8-1-400x516.jpg]
[julianinsarralde.com.ar/wp-content/uploads/2019/12/Aconcagua-9.jpg]
[julianinsarralde.com.ar/wp-content/uploads/2019/12/Aconcagua-9-400x516.jpg]
[julianinsarralde.com.ar/wp-content/uploads/2019/12/Aconcagua-10.jpg]
[julianinsarralde.com.ar/wp-content/uploads/2019/12/Aconcagua-10-400x516.jpg]
[julianinsarralde.com.ar/wp-content/uploads/2019/12/Aconcagua-13.jpg]
[julianinsarralde.com.ar/wp-content/uploads/2019/12/Aconcagua-13-400x516.jpg]
[julianinsarralde.com.ar/wp-content/uploads/2019/12/6-1.jpg]
[julianinsarralde.com.ar/wp-content/uploads/2019/12/Aconcagua-14-scaled.jpg]
[julianinsarralde.com.ar/wp-content/uploads/2019/12/Aconcagua-14-400x516.jpg]
[julianinsarralde.com.ar/project/aconcagua-6965/index.html]
[julianinsarralde.com.ar/wp-content/themes/Divi/includes/builder/feature/dynamic-assets/assets/js/magnific-popup41c1.js]
[julianinsarralde.com.ar/wp-content/et-cache/689/et-divi-dynamic-689-latee379.css]
[julianinsarralde.com.ar/wp-content/et-cache/689/et-divi-dynamic-689e379.css]
[julianinsarralde.com.ar/wp-json/wp/v2/project/689.json]
[julianinsarralde.com.ar/wp-json/oembed/1.0/embed2f02.json]
[julianinsarralde.com.ar/wp-json/oembed/1.0/embed57a4]
[julianinsarralde.com.ar/wp-content/et-cache/689/et-core-unified-deferred-689.mine451.css]
[julianinsarralde.com.ar/wp-content/uploads/2019/12/IMG_9981.jpg]
[julianinsarralde.com.ar/wp-content/uploads/2019/12/IMG_9981-400x516.jpg]
[julianinsarralde.com.ar/wp-content/uploads/2019/12/DSC_7787.jpg]
[julianinsarralde.com.ar/wp-content/uploads/2019/12/DSC_7787-400x516.jpg]
[julianinsarralde.com.ar/wp-content/uploads/2019/12/DSC_8156.jpg]
[julianinsarralde.com.ar/wp-content/uploads/2019/12/DSC_8156-400x516.jpg]
[julianinsarralde.com.ar/wp-content/uploads/2019/12/DSC_9802.jpg]
[julianinsarralde.com.ar/wp-content/uploads/2019/12/DSC_9802-400x516.jpg]
[julianinsarralde.com.ar/wp-content/uploads/2019/12/DSC_7926.jpg]
[julianinsarralde.com.ar/wp-content/uploads/2019/12/DSC_7926-400x516.jpg]
[julianinsarralde.com.ar/wp-content/uploads/2019/12/DSC_8083.jpg]
[julianinsarralde.com.ar/wp-content/uploads/2019/12/DSC_8083-400x516.jpg]
[julianinsarralde.com.ar/wp-content/uploads/2019/12/DSC_7625.jpg]
[julianinsarralde.com.ar/wp-content/uploads/2019/12/DSC_7625-400x516.jpg]
[julianinsarralde.com.ar/wp-content/uploads/2019/12/DSC_7697.jpg]
[julianinsarralde.com.ar/wp-content/uploads/2019/12/DSC_7697-400x516.jpg]
[julianinsarralde.com.ar/wp-content/uploads/2019/12/DSC_7765.jpg]
[julianinsarralde.com.ar/wp-content/uploads/2019/12/DSC_7765-400x516.jpg]
[julianinsarralde.com.ar/wp-content/uploads/2019/12/DSC_7581.jpg]
[julianinsarralde.com.ar/wp-content/uploads/2019/12/DSC_7581-400x516.jpg]
[julianinsarralde.com.ar/wp-content/uploads/2019/12/DSC_0062.jpg]
[julianinsarralde.com.ar/wp-content/uploads/2019/12/DSC_0062-400x516.jpg]
[julianinsarralde.com.ar/wp-content/uploads/2019/12/DSC_0225.jpg]
[julianinsarralde.com.ar/wp-content/uploads/2019/12/DSC_0225-400x516.jpg]
[julianinsarralde.com.ar/wp-content/uploads/2019/12/DSC_0059.jpg]
[julianinsarralde.com.ar/wp-content/uploads/2019/12/DSC_0059-400x516.jpg]
[julianinsarralde.com.ar/wp-content/uploads/2019/12/DSC_0022.jpg]
[julianinsarralde.com.ar/wp-content/uploads/2019/12/DSC_0022-400x516.jpg]
[julianinsarralde.com.ar/wp-content/uploads/2019/12/DSC_8105.jpg]
[julianinsarralde.com.ar/wp-content/uploads/2019/12/DSC_8105-400x516.jpg]
[julianinsarralde.com.ar/wp-content/uploads/2019/12/DSC_7824.jpg]
[julianinsarralde.com.ar/wp-content/uploads/2019/12/DSC_7824-400x516.jpg]
[julianinsarralde.com.ar/project/trekking-everest/index.html]
[julianinsarralde.com.ar/wp-content/et-cache/743/et-divi-dynamic-743c1a6.css]
[julianinsarralde.com.ar/wp-json/wp/v2/project/743.json]
[julianinsarralde.com.ar/project/bolivia-extremo/feed/index.html]
[julianinsarralde.com.ar/wp-json/oembed/1.0/embeda84f.json]
[julianinsarralde.com.ar/wp-json/oembed/1.0/embed14a8]
[julianinsarralde.com.ar/wp-content/uploads/2019/12/DSC_4806-scaled.jpg]
[julianinsarralde.com.ar/wp-content/et-cache/743/et-core-unified-deferred-743.minc1a6.css]
[julianinsarralde.com.ar/wp-content/uploads/2019/12/Bolivia33.jpg]
[julianinsarralde.com.ar/wp-content/uploads/2019/12/Bolivia33-400x516.jpg]
[julianinsarralde.com.ar/wp-content/uploads/2019/12/Bolivia32.jpg]
[julianinsarralde.com.ar/wp-content/uploads/2019/12/Bolivia32-400x516.jpg]
[julianinsarralde.com.ar/wp-content/uploads/2019/12/Bolivia26.jpg]
[julianinsarralde.com.ar/wp-content/uploads/2019/12/Bolivia26-400x516.jpg]
[julianinsarralde.com.ar/wp-content/uploads/2019/12/Bolivia23.jpg]
[julianinsarralde.com.ar/wp-content/uploads/2019/12/Bolivia23-400x516.jpg]
[julianinsarralde.com.ar/wp-content/uploads/2019/12/Bolivia22.jpg]
[julianinsarralde.com.ar/wp-content/uploads/2019/12/Bolivia22-400x516.jpg]
[julianinsarralde.com.ar/wp-content/uploads/2019/12/Bolivia21.jpg]
[julianinsarralde.com.ar/wp-content/uploads/2019/12/Bolivia21-400x516.jpg]
[julianinsarralde.com.ar/wp-content/uploads/2019/12/Bolivia8.jpg]
[julianinsarralde.com.ar/wp-content/uploads/2019/12/Bolivia8-400x516.jpg]
[julianinsarralde.com.ar/wp-content/uploads/2019/12/Bolivia11.jpg]
[julianinsarralde.com.ar/wp-content/uploads/2019/12/Bolivia11-400x516.jpg]
[julianinsarralde.com.ar/wp-content/uploads/2019/12/Bolivia12.jpg]
[julianinsarralde.com.ar/wp-content/uploads/2019/12/Bolivia12-400x516.jpg]
[julianinsarralde.com.ar/wp-content/uploads/2019/12/Bolivia18.jpg]
[julianinsarralde.com.ar/wp-content/uploads/2019/12/Bolivia18-400x516.jpg]
[julianinsarralde.com.ar/wp-content/uploads/2019/12/Bolivia20.jpg]
[julianinsarralde.com.ar/wp-content/uploads/2019/12/Bolivia20-400x516.jpg]
[julianinsarralde.com.ar/wp-content/uploads/2019/12/Bolivia6.jpg]
[julianinsarralde.com.ar/wp-content/uploads/2019/12/Bolivia6-400x516.jpg]
[julianinsarralde.com.ar/project/bolivia-extremo/index.html]
[julianinsarralde.com.ar/wp-content/et-cache/789/et-divi-dynamic-789-lateab92.css]
[julianinsarralde.com.ar/wp-content/et-cache/789/et-divi-dynamic-789ab92.css]
[julianinsarralde.com.ar/wp-json/wp/v2/project/789.json]
[julianinsarralde.com.ar/wp-json/oembed/1.0/embedd3f5.json]
[julianinsarralde.com.ar/wp-json/oembed/1.0/embedcd6a]
[julianinsarralde.com.ar/wp-content/et-cache/789/et-core-unified-deferred-789.min528e.css]
[julianinsarralde.com.ar/wp-content/uploads/2019/12/peru-10.jpg]
[julianinsarralde.com.ar/wp-content/uploads/2019/12/peru-10-400x516.jpg]
[julianinsarralde.com.ar/wp-content/uploads/2019/12/peru-7-400x516.jpg]
[julianinsarralde.com.ar/wp-content/uploads/2019/12/peru-2.jpg]
[julianinsarralde.com.ar/wp-content/uploads/2019/12/peru-2-400x516.jpg]
[julianinsarralde.com.ar/wp-content/uploads/2019/12/peru-5.jpg]
[julianinsarralde.com.ar/wp-content/uploads/2019/12/peru-5-400x516.jpg]
[julianinsarralde.com.ar/wp-content/uploads/2019/12/peru-3-2.jpg]
[julianinsarralde.com.ar/wp-content/uploads/2019/12/peru-3-2-400x516.jpg]
[julianinsarralde.com.ar/wp-content/uploads/2019/12/peru-4.jpg]
[julianinsarralde.com.ar/wp-content/uploads/2019/12/peru-4-400x516.jpg]
[julianinsarralde.com.ar/wp-content/uploads/2019/12/peru-9.jpg]
[julianinsarralde.com.ar/wp-content/uploads/2019/12/peru-9-400x516.jpg]
[julianinsarralde.com.ar/wp-content/uploads/2019/12/peru-6.jpg]
[julianinsarralde.com.ar/wp-content/uploads/2019/12/peru-6-400x516.jpg]
[julianinsarralde.com.ar/wp-content/uploads/2020/02/Peru-cordilerra-blanca12.jpg]
[julianinsarralde.com.ar/wp-content/uploads/2020/02/Peru-cordilerra-blanca12-400x516.jpg]
[julianinsarralde.com.ar/wp-content/uploads/2020/02/Peru-cordilerra-blanca15.jpg]
[julianinsarralde.com.ar/wp-content/uploads/2020/02/Peru-cordilerra-blanca15-400x516.jpg]
[julianinsarralde.com.ar/wp-content/uploads/2020/02/Peru-cordilerra-blanca13.jpg]
[julianinsarralde.com.ar/wp-content/uploads/2020/02/Peru-cordilerra-blanca13-400x516.jpg]
[julianinsarralde.com.ar/wp-content/uploads/2020/02/Peru-cordilerra-blanca14.jpg]
[julianinsarralde.com.ar/wp-content/uploads/2020/02/Peru-cordilerra-blanca14-400x516.jpg]
[julianinsarralde.com.ar/project/peru/index.html]
[julianinsarralde.com.ar/wp-content/et-cache/765/et-divi-dynamic-765ad48.css]
[julianinsarralde.com.ar/wp-json/wp/v2/project/765.json]
[julianinsarralde.com.ar/project/kilimanjaro-africa-salvaje/feed/index.html]
[julianinsarralde.com.ar/wp-json/oembed/1.0/embedc111.json]
[julianinsarralde.com.ar/wp-json/oembed/1.0/embedfadf]
[julianinsarralde.com.ar/wp-content/uploads/2019/12/a98b0c0c-825e-43f0-8756-01fefc73ef3c-1.jpg]
[julianinsarralde.com.ar/wp-content/et-cache/765/et-core-unified-deferred-765.min5e53.css]
[julianinsarralde.com.ar/wp-content/uploads/2019/12/DSC_5318.jpg]
[julianinsarralde.com.ar/wp-content/uploads/2019/12/DSC_5318-400x516.jpg]
[julianinsarralde.com.ar/wp-content/uploads/2019/12/DSC_5312.jpg]
[julianinsarralde.com.ar/wp-content/uploads/2019/12/DSC_5312-400x516.jpg]
[julianinsarralde.com.ar/wp-content/uploads/2019/12/DSC_5368.jpg]
[julianinsarralde.com.ar/wp-content/uploads/2019/12/DSC_5368-400x516.jpg]
[julianinsarralde.com.ar/wp-content/uploads/2019/12/a98b0c0c-825e-43f0-8756-01fefc73ef3c-1-400x516.jpg]
[julianinsarralde.com.ar/wp-content/uploads/2019/12/GPTempDownload-3-scaled.jpg]
[julianinsarralde.com.ar/wp-content/uploads/2019/12/GPTempDownload-3-400x516.jpg]
[julianinsarralde.com.ar/wp-content/uploads/2019/12/GPTempDownload-2-scaled.jpg]
[julianinsarralde.com.ar/wp-content/uploads/2019/12/GPTempDownload-2-400x516.jpg]
[julianinsarralde.com.ar/wp-content/uploads/2019/12/0cbad3d7-6e58-4f96-bf8d-618816569395.jpg]
[julianinsarralde.com.ar/wp-content/uploads/2019/12/GPTempDownload-scaled.jpg]
[julianinsarralde.com.ar/wp-content/uploads/2019/12/GPTempDownload-400x516.jpg]
[julianinsarralde.com.ar/wp-content/uploads/2019/12/IMG_4929.jpg]
[julianinsarralde.com.ar/wp-content/uploads/2019/12/IMG_4929-400x516.jpg]
[julianinsarralde.com.ar/wp-content/uploads/2019/12/IMG_4950.jpg]
[julianinsarralde.com.ar/wp-content/uploads/2019/12/IMG_4950-400x516.jpg]
[julianinsarralde.com.ar/wp-content/uploads/2019/12/DSC_5481.jpg]
[julianinsarralde.com.ar/wp-content/uploads/2019/12/DSC_5481-400x516.jpg]
[julianinsarralde.com.ar/wp-content/uploads/2019/12/DSC_5384.jpg]
[julianinsarralde.com.ar/wp-content/uploads/2019/12/DSC_5384-400x516.jpg]
[julianinsarralde.com.ar/wp-content/uploads/2019/12/591456499.326844.mp4]
[julianinsarralde.com.ar/project/kilimanjaro-africa-salvaje/index.html]
[julianinsarralde.com.ar/wp-content/et-cache/1077/et-divi-dynamic-1077cf32.css]
[julianinsarralde.com.ar/wp-json/wp/v2/project/1077.json]
[julianinsarralde.com.ar/wp-json/oembed/1.0/embed1960.json]
[julianinsarralde.com.ar/wp-content/uploads/2019/12/ALE2430.jpg]
[julianinsarralde.com.ar/wp-json/oembed/1.0/embeda32d]
[julianinsarralde.com.ar/wp-content/et-cache/1077/et-core-unified-deferred-1077.minbc7b.css]
[julianinsarralde.com.ar/wp-content/uploads/2020/02/69472312_2283920475039165_4692393745318936576_n.jpg]
[julianinsarralde.com.ar/wp-content/uploads/2020/02/69472312_2283920475039165_4692393745318936576_n-400x516.jpg]
[julianinsarralde.com.ar/wp-content/uploads/2020/02/Curso-Hielo16-1.jpg]
[julianinsarralde.com.ar/wp-content/uploads/2020/02/Curso-Hielo16-1-400x516.jpg]
[julianinsarralde.com.ar/wp-content/uploads/2020/02/Curso-Hielo10.jpg]
[julianinsarralde.com.ar/wp-content/uploads/2020/02/Curso-Hielo10-400x516.jpg]
[julianinsarralde.com.ar/wp-content/uploads/2020/02/Curso-Hielo19.jpg]
[julianinsarralde.com.ar/wp-content/uploads/2020/02/Curso-Hielo19-400x516.jpg]
[julianinsarralde.com.ar/wp-content/uploads/2020/02/Curso-Hielo15.jpg]
[julianinsarralde.com.ar/wp-content/uploads/2020/02/Curso-Hielo15-400x516.jpg]
[julianinsarralde.com.ar/wp-content/uploads/2020/02/Curso-Hielo13.jpg]
[julianinsarralde.com.ar/wp-content/uploads/2020/02/Curso-Hielo13-400x516.jpg]
[julianinsarralde.com.ar/wp-content/uploads/2020/02/68752489_2283920645039148_3470330877928538112_n.jpg]
[julianinsarralde.com.ar/wp-content/uploads/2020/02/68752489_2283920645039148_3470330877928538112_n-400x516.jpg]
[julianinsarralde.com.ar/wp-content/uploads/2020/02/Curso-Hielo11.jpg]
[julianinsarralde.com.ar/wp-content/uploads/2020/02/Curso-Hielo11-400x516.jpg]
[julianinsarralde.com.ar/wp-content/uploads/2020/02/Curso-Hielo9.jpg]
[julianinsarralde.com.ar/wp-content/uploads/2020/02/Curso-Hielo9-400x516.jpg]
[julianinsarralde.com.ar/project/curso-escalada-en-hielo-cascadas-mendoza-y-chile/index.html]
[julianinsarralde.com.ar/wp-content/et-cache/1017/et-divi-dynamic-1017-late23e5.css]
[julianinsarralde.com.ar/wp-content/et-cache/1017/et-divi-dynamic-101723e5.css]
[julianinsarralde.com.ar/wp-json/wp/v2/project/1017.json]
[julianinsarralde.com.ar/wp-json/oembed/1.0/embed8b4f.json]
[julianinsarralde.com.ar/wp-json/oembed/1.0/embed6c82]
[julianinsarralde.com.ar/wp-content/et-cache/1017/et-core-unified-deferred-1017.min2c51.css]
[julianinsarralde.com.ar/wp-content/uploads/2020/02/Peru-ruinas-glaciar-20.jpg]
[julianinsarralde.com.ar/wp-content/uploads/2020/02/Peru-ruinas-glaciar-20-400x516.jpg]
[julianinsarralde.com.ar/wp-content/uploads/2020/02/Peru-ruinas-glaciar-19.jpg]
[julianinsarralde.com.ar/wp-content/uploads/2020/02/Peru-ruinas-glaciar-19-400x516.jpg]
[julianinsarralde.com.ar/wp-content/uploads/2020/02/Peru-ruinas-glaciar-18.jpg]
[julianinsarralde.com.ar/wp-content/uploads/2020/02/Peru-ruinas-glaciar-18-400x516.jpg]
[julianinsarralde.com.ar/wp-content/uploads/2020/02/Peru-ruinas-glaciar-16.jpg]
[julianinsarralde.com.ar/wp-content/uploads/2020/02/Peru-ruinas-glaciar-16-400x516.jpg]
[julianinsarralde.com.ar/wp-content/uploads/2020/02/Peru-ruinas-glaciar-15.jpg]
[julianinsarralde.com.ar/wp-content/uploads/2020/02/Peru-ruinas-glaciar-15-400x516.jpg]
[julianinsarralde.com.ar/wp-content/uploads/2020/02/Peru-ruinas-glaciar-14.jpg]
[julianinsarralde.com.ar/wp-content/uploads/2020/02/Peru-ruinas-glaciar-14-400x516.jpg]
[julianinsarralde.com.ar/wp-content/uploads/2020/02/Peru-ruinas-glaciar-21.jpg]
[julianinsarralde.com.ar/wp-content/uploads/2020/02/Peru-ruinas-glaciar-21-400x516.jpg]
[julianinsarralde.com.ar/wp-content/uploads/2020/02/Peru-ruinas-glaciar-11.jpg]
[julianinsarralde.com.ar/wp-content/uploads/2020/02/Peru-ruinas-glaciar-11-400x516.jpg]
[julianinsarralde.com.ar/wp-content/uploads/2020/02/Peru-ruinas-glaciar-9.jpg]
[julianinsarralde.com.ar/wp-content/uploads/2020/02/Peru-ruinas-glaciar-9-400x516.jpg]
[julianinsarralde.com.ar/wp-content/uploads/2020/02/Peru-ruinas-glaciar-8.jpg]
[julianinsarralde.com.ar/wp-content/uploads/2020/02/Peru-ruinas-glaciar-8-400x516.jpg]
[julianinsarralde.com.ar/wp-content/uploads/2020/02/Peru-ruinas-glaciar-7.jpg]
[julianinsarralde.com.ar/wp-content/uploads/2020/02/Peru-ruinas-glaciar-7-400x516.jpg]
[julianinsarralde.com.ar/wp-content/uploads/2020/02/Peru-ruinas-glaciar-3.jpg]
[julianinsarralde.com.ar/wp-content/uploads/2020/02/Peru-ruinas-glaciar-3-400x516.jpg]
[julianinsarralde.com.ar/wp-content/uploads/2020/02/Peru-ruinas-glaciar-1.jpg]
[julianinsarralde.com.ar/wp-content/uploads/2020/02/Peru-ruinas-glaciar-1-400x516.jpg]
[julianinsarralde.com.ar/project/cordillera-blanca-quebrada-ruinas-glaciar/index.html]
[julianinsarralde.com.ar/wp-content/et-cache/1002/et-divi-dynamic-1002-late27a1.css]
[julianinsarralde.com.ar/wp-content/et-cache/1002/et-divi-dynamic-100227a1.css]
[julianinsarralde.com.ar/wp-json/wp/v2/project/1002.json]
[julianinsarralde.com.ar/wp-json/oembed/1.0/embedeb58.json]
[julianinsarralde.com.ar/wp-json/oembed/1.0/embed2a22]
[julianinsarralde.com.ar/wp-content/et-cache/1002/et-core-unified-deferred-1002.min3805.css]
[julianinsarralde.com.ar/wp-content/uploads/2020/02/San-Luis-escalada4.jpg]
[julianinsarralde.com.ar/wp-content/uploads/2020/02/San-Luis-escalada4-400x516.jpg]
[julianinsarralde.com.ar/wp-content/uploads/2020/02/roca-1.jpg]
[julianinsarralde.com.ar/wp-content/uploads/2020/02/roca-1-400x516.jpg]
[julianinsarralde.com.ar/wp-content/uploads/2020/02/roca-5.jpg]
[julianinsarralde.com.ar/wp-content/uploads/2020/02/roca-5-400x516.jpg]
[julianinsarralde.com.ar/wp-content/uploads/2020/02/roca-3.jpg]
[julianinsarralde.com.ar/wp-content/uploads/2020/02/roca-3-400x516.jpg]
[julianinsarralde.com.ar/wp-content/uploads/2020/02/San-Luis-escalada1.jpg]
[julianinsarralde.com.ar/wp-content/uploads/2020/02/San-Luis-escalada1-400x516.jpg]
[julianinsarralde.com.ar/wp-content/uploads/2020/02/San-Luis-escalada2.jpg]
[julianinsarralde.com.ar/wp-content/uploads/2020/02/San-Luis-escalada2-400x516.jpg]
[julianinsarralde.com.ar/wp-content/uploads/2020/02/San-Luis-escalada5.jpg]
[julianinsarralde.com.ar/wp-content/uploads/2020/02/San-Luis-escalada5-400x516.jpg]
[julianinsarralde.com.ar/wp-content/uploads/2020/02/roca-4.jpg]
[julianinsarralde.com.ar/wp-content/uploads/2020/02/roca-4-400x516.jpg]
[julianinsarralde.com.ar/wp-content/uploads/2020/02/roca-2.jpg]
[julianinsarralde.com.ar/wp-content/uploads/2020/02/roca-2-400x516.jpg]
[julianinsarralde.com.ar/wp-content/uploads/2020/02/San-Luis-escalada3.jpg]
[julianinsarralde.com.ar/wp-content/uploads/2020/02/San-Luis-escalada3-400x516.jpg]
[julianinsarralde.com.ar/project/curso-escalada-en-roca-san-luis/index.html]
[julianinsarralde.com.ar/wp-content/et-cache/1097/et-divi-dynamic-1097-late6e1b.css]
[julianinsarralde.com.ar/wp-content/et-cache/1097/et-divi-dynamic-10976e1b.css]
[julianinsarralde.com.ar/wp-json/wp/v2/project/1097.json]
[julianinsarralde.com.ar/wp-json/oembed/1.0/embed402e.json]
[julianinsarralde.com.ar/wp-json/oembed/1.0/embed0670]
[julianinsarralde.com.ar/wp-content/et-cache/1097/et-core-unified-deferred-1097.min08ad.css]
[julianinsarralde.com.ar/wp-content/uploads/2020/02/Trail-patagonia7.jpg]
[julianinsarralde.com.ar/wp-content/uploads/2020/02/Trail-patagonia7-400x516.jpg]
[julianinsarralde.com.ar/wp-content/uploads/2020/02/Trail-patagonia8.jpg]
[julianinsarralde.com.ar/wp-content/uploads/2020/02/Trail-patagonia8-400x516.jpg]
[julianinsarralde.com.ar/wp-content/uploads/2020/02/Trail-patagonia6.jpg]
[julianinsarralde.com.ar/wp-content/uploads/2020/02/Trail-patagonia6-400x516.jpg]
[julianinsarralde.com.ar/wp-content/uploads/2020/02/Trail-patagonia5.jpg]
[julianinsarralde.com.ar/wp-content/uploads/2020/02/Trail-patagonia5-400x516.jpg]
[julianinsarralde.com.ar/wp-content/uploads/2020/02/Trail-patagonia4.jpg]
[julianinsarralde.com.ar/wp-content/uploads/2020/02/Trail-patagonia4-400x516.jpg]
[julianinsarralde.com.ar/wp-content/uploads/2020/02/Trail-patagonia3.jpg]
[julianinsarralde.com.ar/wp-content/uploads/2020/02/Trail-patagonia3-400x516.jpg]
[julianinsarralde.com.ar/wp-content/uploads/2020/02/Trail-patagonia2.jpg]
[julianinsarralde.com.ar/wp-content/uploads/2020/02/Trail-patagonia2-400x516.jpg]
[julianinsarralde.com.ar/wp-content/uploads/2020/02/IMG_7602-scaled.jpg]
[julianinsarralde.com.ar/wp-content/uploads/2020/02/IMG_7602-400x516.jpg]
[julianinsarralde.com.ar/wp-content/uploads/2020/02/IMG_7781-scaled.jpg]
[julianinsarralde.com.ar/wp-content/uploads/2020/02/IMG_7781-400x516.jpg]
[julianinsarralde.com.ar/wp-content/uploads/2020/02/IMG_7782-scaled.jpg]
[julianinsarralde.com.ar/wp-content/uploads/2020/02/IMG_7782-400x516.jpg]
[julianinsarralde.com.ar/wp-content/uploads/2020/02/IMG_7986-scaled.jpg]
[julianinsarralde.com.ar/wp-content/uploads/2020/02/IMG_7986-400x516.jpg]
[julianinsarralde.com.ar/project/patagonia-trail-and-mountain-tour/index.html]
[julianinsarralde.com.ar/wp-content/et-cache/1405/et-divi-dynamic-1405-latefdb5.css]
[julianinsarralde.com.ar/wp-content/et-cache/1405/et-divi-dynamic-1405fdb5.css]
[julianinsarralde.com.ar/wp-json/wp/v2/project/1405.json]
[julianinsarralde.com.ar/wp-json/oembed/1.0/embed7e6a.json]
[julianinsarralde.com.ar/wp-json/oembed/1.0/embed51fc]
[julianinsarralde.com.ar/wp-content/et-cache/1405/et-core-unified-deferred-1405.mine44f.css]
[julianinsarralde.com.ar/wp-content/uploads/2021/04/unnamed.jpg]
[julianinsarralde.com.ar/wp-content/uploads/2021/04/unnamed-400x516.jpg]
[julianinsarralde.com.ar/wp-content/uploads/2021/04/unnamed-4.jpg]
[julianinsarralde.com.ar/wp-content/uploads/2021/04/unnamed-4-400x516.jpg]
[julianinsarralde.com.ar/wp-content/uploads/2021/04/unnamed-3.jpg]
[julianinsarralde.com.ar/wp-content/uploads/2021/04/unnamed-3-400x516.jpg]
[julianinsarralde.com.ar/wp-content/uploads/2021/04/unnamed-2.jpg]
[julianinsarralde.com.ar/wp-content/uploads/2021/04/unnamed-2-400x516.jpg]
[julianinsarralde.com.ar/wp-content/uploads/2021/04/unnamed-1.jpg]
[julianinsarralde.com.ar/wp-content/uploads/2021/04/unnamed-1-400x516.jpg]
[julianinsarralde.com.ar/wp-content/uploads/2021/04/unnamed-7.jpg]
[julianinsarralde.com.ar/wp-content/uploads/2021/04/unnamed-7-400x516.jpg]
[julianinsarralde.com.ar/wp-content/uploads/2021/04/unnamed-6.jpg]
[julianinsarralde.com.ar/wp-content/uploads/2021/04/unnamed-5.jpg]
[julianinsarralde.com.ar/project/turquia/index.html]
[julianinsarralde.com.ar/wp-content/et-cache/1387/et-divi-dynamic-1387fe1b.css]
[julianinsarralde.com.ar/wp-json/wp/v2/project/1387.json]
[julianinsarralde.com.ar/wp-json/oembed/1.0/embed82d4.json]
[julianinsarralde.com.ar/wp-content/uploads/2021/03/IMG_7970.jpg]
[julianinsarralde.com.ar/wp-json/oembed/1.0/embed4c09]
[julianinsarralde.com.ar/wp-content/uploads/2021/03/IMG_7669-rotated.jpg]
[julianinsarralde.com.ar/wp-content/et-cache/1387/et-core-unified-deferred-1387.mine6e9.css]
[julianinsarralde.com.ar/wp-content/uploads/2021/03/IMG_7669-400x516.jpg]
[julianinsarralde.com.ar/wp-content/uploads/2021/03/IMG_7685-rotated.jpg]
[julianinsarralde.com.ar/wp-content/uploads/2021/03/IMG_7685-400x516.jpg]
[julianinsarralde.com.ar/wp-content/uploads/2021/03/IMG_7755.jpg]
[julianinsarralde.com.ar/wp-content/uploads/2021/03/IMG_7755-400x516.jpg]
[julianinsarralde.com.ar/wp-content/uploads/2021/03/IMG_7767-rotated.jpg]
[julianinsarralde.com.ar/wp-content/uploads/2021/03/IMG_7767-400x516.jpg]
[julianinsarralde.com.ar/wp-content/uploads/2021/03/IMG_7779-rotated.jpg]
[julianinsarralde.com.ar/wp-content/uploads/2021/03/IMG_7779-400x516.jpg]
[julianinsarralde.com.ar/wp-content/uploads/2021/03/IMG_7816-rotated.jpg]
[julianinsarralde.com.ar/wp-content/uploads/2021/03/IMG_7816-400x516.jpg]
[julianinsarralde.com.ar/wp-content/uploads/2021/03/IMG_7854-rotated.jpg]
[julianinsarralde.com.ar/wp-content/uploads/2021/03/IMG_7854-400x516.jpg]
[julianinsarralde.com.ar/wp-content/uploads/2021/03/IMG_7870.jpg]
[julianinsarralde.com.ar/wp-content/uploads/2021/03/IMG_7870-400x516.jpg]
[julianinsarralde.com.ar/wp-content/uploads/2021/03/IMG_7875-rotated.jpg]
[julianinsarralde.com.ar/wp-content/uploads/2021/03/IMG_7875-400x516.jpg]
[julianinsarralde.com.ar/wp-content/uploads/2021/03/IMG_7936.jpg]
[julianinsarralde.com.ar/wp-content/uploads/2021/03/IMG_7936-400x516.jpg]
[julianinsarralde.com.ar/wp-content/uploads/2021/03/IMG_7938.jpg]
[julianinsarralde.com.ar/wp-content/uploads/2021/03/IMG_7938-400x516.jpg]
[julianinsarralde.com.ar/wp-content/uploads/2021/03/IMG_7954-2.jpg]
[julianinsarralde.com.ar/wp-content/uploads/2021/03/IMG_7954-2-400x516.jpg]
[julianinsarralde.com.ar/wp-content/uploads/2021/03/IMG_7970-400x516.jpg]
[julianinsarralde.com.ar/wp-content/uploads/2021/04/WhatsApp-Image-2021-04-06-at-09.20.49.jpg]
[julianinsarralde.com.ar/wp-content/uploads/2021/04/WhatsApp-Image-2021-04-06-at-09.20.49-400x516.jpg]
[julianinsarralde.com.ar/wp-content/uploads/2021/04/WhatsApp-Image-2021-04-06-at-09.20.50-1.jpg]
[julianinsarralde.com.ar/wp-content/uploads/2021/04/WhatsApp-Image-2021-04-06-at-09.20.50-1-400x516.jpg]
[julianinsarralde.com.ar/wp-content/uploads/2021/04/WhatsApp-Image-2021-04-06-at-09.20.50-2.jpg]
[julianinsarralde.com.ar/wp-content/uploads/2021/04/WhatsApp-Image-2021-04-06-at-09.20.50-2-400x516.jpg]
[julianinsarralde.com.ar/wp-content/uploads/2021/04/WhatsApp-Image-2021-04-06-at-09.20.50.jpg]
[julianinsarralde.com.ar/wp-content/uploads/2021/04/WhatsApp-Image-2021-04-06-at-09.20.50-400x516.jpg]
[julianinsarralde.com.ar/wp-content/uploads/2021/04/WhatsApp-Image-2021-04-06-at-09.20.51.jpg]
[julianinsarralde.com.ar/wp-content/uploads/2021/04/WhatsApp-Image-2021-04-06-at-09.20.51-400x516.jpg]
[julianinsarralde.com.ar/project/volcan-lanin-3776/index.html]
[julianinsarralde.com.ar/wp-content/et-cache/1351/et-divi-dynamic-135152fa.css]
[julianinsarralde.com.ar/wp-json/wp/v2/project/1351.json]
[julianinsarralde.com.ar/wp-json/oembed/1.0/embed30bc.json]
[julianinsarralde.com.ar/wp-content/uploads/2021/03/IMG_6942.jpg]
[julianinsarralde.com.ar/wp-json/oembed/1.0/embed1c47]
[julianinsarralde.com.ar/wp-content/uploads/2021/03/unnamed.jpg]
[julianinsarralde.com.ar/wp-content/uploads/2021/03/unnamed-400x516.jpg]
[julianinsarralde.com.ar/wp-content/et-cache/1351/et-core-unified-deferred-1351.min52fa.css]
[julianinsarralde.com.ar/wp-content/uploads/2021/03/unnamed-1.jpg]
[julianinsarralde.com.ar/wp-content/uploads/2021/03/unnamed-1-400x516.jpg]
[julianinsarralde.com.ar/wp-content/uploads/2021/03/IMG_7439-rotated.jpg]
[julianinsarralde.com.ar/wp-content/uploads/2021/03/IMG_7439-400x516.jpg]
[julianinsarralde.com.ar/wp-content/uploads/2021/03/IMG_7373.jpg]
[julianinsarralde.com.ar/wp-content/uploads/2021/03/IMG_7373-400x516.jpg]
[julianinsarralde.com.ar/wp-content/uploads/2021/03/IMG_7382-rotated.jpg]
[julianinsarralde.com.ar/wp-content/uploads/2021/03/IMG_7382-400x516.jpg]
[julianinsarralde.com.ar/wp-content/uploads/2021/03/IMG_7379.jpg]
[julianinsarralde.com.ar/wp-content/uploads/2021/03/IMG_7379-400x516.jpg]
[julianinsarralde.com.ar/wp-content/uploads/2021/03/IMG_6981.jpg]
[julianinsarralde.com.ar/wp-content/uploads/2021/03/IMG_6981-400x516.jpg]
[julianinsarralde.com.ar/wp-content/uploads/2021/03/IMG_6967-rotated.jpg]
[julianinsarralde.com.ar/wp-content/uploads/2021/03/IMG_6967-400x516.jpg]
[julianinsarralde.com.ar/wp-content/uploads/2021/03/IMG_6942-400x516.jpg]
[julianinsarralde.com.ar/wp-content/uploads/2021/03/IMG_7406-400x516.jpg]
[julianinsarralde.com.ar/wp-content/uploads/2021/03/IMG_6939.jpg]
[julianinsarralde.com.ar/wp-content/uploads/2021/03/IMG_6939-400x516.jpg]
[julianinsarralde.com.ar/wp-content/uploads/2021/03/GPTempDownload.jpg]
[julianinsarralde.com.ar/wp-content/uploads/2021/03/GPTempDownload-400x516.jpg]
[julianinsarralde.com.ar/wp-content/uploads/2021/03/FABD446E-1878-40AE-B1C0-9A1462A5F60A.jpg]
[julianinsarralde.com.ar/wp-content/uploads/2021/03/FABD446E-1878-40AE-B1C0-9A1462A5F60A-400x516.jpg]
[julianinsarralde.com.ar/project/famatina-6150/index.html]
[julianinsarralde.com.ar/wp-content/themes/Divi/core/admin/fonts/modules/base/modules.eot]
[julianinsarralde.com.ar/wp-json/wp/v2/pages/240.json]
[julianinsarralde.com.ar/wp-json/oembed/1.0/embedd6ff.json]
[julianinsarralde.com.ar/wp-json/oembed/1.0/embed6437]
[julianinsarralde.com.ar/wp-content/uploads/2019/11/DSC_0179-copia.jpg]
[julianinsarralde.com.ar/galeria/index.html]
[julianinsarralde.com.ar/wp-includes/css/dist/block-library/style.mind70e.css]
[julianinsarralde.com.ar/wp-content/plugins/monarch/css/fonts/monarch.svg]
[julianinsarralde.com.ar/wp-content/et-cache/357/et-divi-dynamic-3577c76.css]
[julianinsarralde.com.ar/indexec1b.html]
[julianinsarralde.com.ar/wp-content/et-cache/357/et-core-unified-deferred-357.minebcc.css]
[julianinsarralde.com.ar/wp-json/wp/v2/users/6.1b2.delayed]
[julianinsarralde.com.ar/author/julianinsarralde/feed/index.html]
[julianinsarralde.com.ar/wp-content/et-cache/global/et-divi-customizer-global.minb798.css]
[julianinsarralde.com.ar/wp-content/uploads/2020/09/Captura-de-Pantalla-2020-09-04-a-las-17.35.34-1080x674.png]
[julianinsarralde.com.ar/wp-content/uploads/2020/03/IMG_E4E98B7BF17C-1-828x675.jpg]
[julianinsarralde.com.ar/author/julianinsarralde/index.html]
[julianinsarralde.com.ar/category/uncategorized/index.html]
[julianinsarralde.com.ar/wp-json/wp/v2/posts/1294.json]
[julianinsarralde.com.ar/wp-json/oembed/1.0/embedd9a7.json]
[julianinsarralde.com.ar/2020/09/04/nuestro-calendario-2020/index.html]
[julianinsarralde.com.ar/wp-json/oembed/1.0/embedd3dc]
[julianinsarralde.com.ar/wp-json/wp/v2/posts/1275.json]
[julianinsarralde.com.ar/wp-json/oembed/1.0/embeda412.json]
[julianinsarralde.com.ar/wp-content/uploads/2020/03/IMG_7A03457E6F3E-1-563x1024.jpg]
[julianinsarralde.com.ar/2020/03/30/charlas-virtuales-desde-instagram-live/index.html]
[julianinsarralde.com.ar/wp-json/oembed/1.0/embed41f9]
[julianinsarralde.com.ar/wp-includes/js/mediaelement/mediaelementplayer-legacy.min1f61.css]
[julianinsarralde.com.ar/wp-includes/js/mediaelement/wp-mediaelement.mind70e.css]
[julianinsarralde.com.ar/wp-content/et-cache/682/et-divi-dynamic-682-late20ad.css]
[julianinsarralde.com.ar/wp-content/et-cache/682/et-divi-dynamic-68220ad.css]
[julianinsarralde.com.ar/index31fc.html]
[julianinsarralde.com.ar/wp-includes/js/mediaelement/mejs-controls.svg]
[julianinsarralde.com.ar/wp-content/uploads/2019/12/portada-scaled.jpg]
[julianinsarralde.com.ar/wp-content/uploads/2019/12/AconcaguaP129076824-scaled.jpg]
[julianinsarralde.com.ar/wp-content/et-cache/682/et-core-unified-deferred-682.min7b0f.css]
[julianinsarralde.com.ar/wp-content/uploads/2019/11/DSC_3460-1.jpg]
[julianinsarralde.com.ar/wp-content/et-cache/689/et-divi-dynamic-689-latee379.css]
[julianinsarralde.com.ar/wp-content/et-cache/689/et-divi-dynamic-689e379.css]
[julianinsarralde.com.ar/index1b7b.html]
[julianinsarralde.com.ar/wp-content/uploads/2019/12/DSC_7805.jpg]
[julianinsarralde.com.ar/wp-content/uploads/2019/12/DSC_0119.jpg]
[julianinsarralde.com.ar/wp-content/et-cache/689/et-core-unified-deferred-689.mine451.css]
[julianinsarralde.com.ar/wp-content/uploads/2019/12/DSC_0229.jpg]
[julianinsarralde.com.ar/wp-content/et-cache/743/et-divi-dynamic-743c1a6.css]
[julianinsarralde.com.ar/index2812.html]
[julianinsarralde.com.ar/wp-content/uploads/2019/12/Bolivia2.jpg]
[julianinsarralde.com.ar/wp-content/et-cache/743/et-core-unified-deferred-743.minc1a6.css]
[julianinsarralde.com.ar/wp-content/et-cache/789/et-divi-dynamic-789-lateab92.css]
[julianinsarralde.com.ar/wp-content/et-cache/789/et-divi-dynamic-789ab92.css]
[julianinsarralde.com.ar/indexd4ce.html]
[julianinsarralde.com.ar/wp-content/uploads/2019/12/peru-11.jpg]
[julianinsarralde.com.ar/wp-content/uploads/2019/12/peru-8.jpg]
[julianinsarralde.com.ar/wp-content/et-cache/789/et-core-unified-deferred-789.min528e.css]
[julianinsarralde.com.ar/wp-content/et-cache/765/et-divi-dynamic-765ad48.css]
[julianinsarralde.com.ar/index6215.html]
[julianinsarralde.com.ar/wp-content/et-cache/765/et-core-unified-deferred-765.min5e53.css]
[julianinsarralde.com.ar/wp-content/et-cache/1077/et-divi-dynamic-1077cf32.css]
[julianinsarralde.com.ar/index8146.html]
[julianinsarralde.com.ar/wp-content/et-cache/1077/et-core-unified-deferred-1077.minbc7b.css]
[julianinsarralde.com.ar/wp-content/et-cache/1017/et-divi-dynamic-1017-late23e5.css]
[julianinsarralde.com.ar/wp-content/et-cache/1017/et-divi-dynamic-101723e5.css]
[julianinsarralde.com.ar/indexf628.html]
[julianinsarralde.com.ar/wp-content/et-cache/1017/et-core-unified-deferred-1017.min2c51.css]
[julianinsarralde.com.ar/wp-content/et-cache/1002/et-divi-dynamic-1002-late27a1.css]
[julianinsarralde.com.ar/wp-content/et-cache/1002/et-divi-dynamic-100227a1.css]
[julianinsarralde.com.ar/index50b4.html]
[julianinsarralde.com.ar/wp-content/et-cache/1002/et-core-unified-deferred-1002.min3805.css]
[julianinsarralde.com.ar/wp-content/et-cache/1097/et-divi-dynamic-1097-late6e1b.css]
[julianinsarralde.com.ar/wp-content/et-cache/1097/et-divi-dynamic-10976e1b.css]
[julianinsarralde.com.ar/index21fb.html]
[julianinsarralde.com.ar/wp-content/et-cache/1097/et-core-unified-deferred-1097.min08ad.css]
[julianinsarralde.com.ar/wp-content/et-cache/1405/et-divi-dynamic-1405-latefdb5.css]
[julianinsarralde.com.ar/wp-content/et-cache/1405/et-divi-dynamic-1405fdb5.css]
[julianinsarralde.com.ar/index4e45.html]
[julianinsarralde.com.ar/wp-content/et-cache/1405/et-core-unified-deferred-1405.mine44f.css]
[julianinsarralde.com.ar/wp-content/et-cache/1387/et-divi-dynamic-1387fe1b.css]
[julianinsarralde.com.ar/indexbb3a.html]
[julianinsarralde.com.ar/wp-content/et-cache/1387/et-core-unified-deferred-1387.mine6e9.css]
[julianinsarralde.com.ar/wp-content/et-cache/1351/et-divi-dynamic-135152fa.css]
[julianinsarralde.com.ar/index48d3.html]
[julianinsarralde.com.ar/wp-content/et-cache/1351/et-core-unified-deferred-1351.min52fa.css]
[julianinsarralde.com.ar/indexcfe0.html]
[julianinsarralde.com.ar/wp-content/et-cache/240/et-core-unified-deferred-240.min94e3.css]
[julianinsarralde.com.ar/wp-json/wp/v2/users/6.json]
[julianinsarralde.com.ar/wp-content/et-cache/global/et-divi-customizer-global.minb798.css]
[julianinsarralde.com.ar/category/uncategorized/index.html]
[julianinsarralde.com.ar/indexc804.html]
[julianinsarralde.com.ar/index174b.html]
[julianinsarralde.com.ar/wp-includes/js/mediaelement/mejs-controls.svg]
[julianinsarralde.com.ar/wp-json/wp/v2/categories/1.json]
[julianinsarralde.com.ar/category/uncategorized/feed/index.html]
